header length,16
Area,437500.0 337500.0
Baseline,1981-2000
Data Source,Land probabilistic projections
Data Type,sample
Scenario,RCP 8.5
Software Version,0.0.0TEST
Spatial Representation,25km grid
Temporal Average Type,Seasonal
Time Period,March April May
Time Slice Type,1-year time slices
Variable,Mean air temperature anomaly at 1.5m (°C),Precipitation rate anomaly (%)
Year,2018
x-axis,Mean air temperature anomaly at 1.5m (°C)
y-axis,Precipitation rate anomaly (%)
--,-1.8288331,-1.3515589,-0.87428457,-0.39701015,0.08026415,0.55753845,1.0348129,1.5120871,1.9893615,2.4666357
57.831326,5.0,6.0,6.0,8.0,23.0,18.0,12.0,14.0,9.0,4.0
45.859035,1.0,2.0,1.0,4.0,16.0,10.0,6.0,8.0,7.0,2.0
33.886745,1.0,2.0,7.0,13.0,24.0,17.0,12.0,14.0,10.0,9.0
21.914455,3.0,11.0,12.0,32.0,42.0,38.0,27.0,21.0,19.0,10.0
9.942169,13.0,35.0,50.0,85.0,110.0,103.0,111.0,71.0,30.0,27.0
-2.0301208,20.0,36.0,66.0,94.0,111.0,97.0,74.0,54.0,23.0,19.0
-14.002411,15.0,24.0,38.0,51.0,67.0,71.0,63.0,46.0,19.0,10.0
-25.974699,23.0,24.0,40.0,68.0,64.0,84.0,62.0,20.0,11.0,11.0
-37.946987,19.0,19.0,35.0,52.0,38.0,40.0,33.0,19.0,17.0,11.0
-49.919277,17.0,26.0,25.0,28.0,27.0,24.0,24.0,10.0,9.0,1.0
