header length,16
Area,387500.0 287500.0
Baseline,1981-2000
Data Source,Land probabilistic projections
Data Type,cdf
Return Period,50 years
Scenario,RCP 8.5
Software Version,0.0.0TEST
Spatial Representation,25km grid
Temporal Average Type,Seasonal
Time Period,March April May
Time Slice Type,1-year time slices
Variable,5-day total precipitation (mm)
Year Maximum,2028
Year Minimum,2018
5-day total precipitation (mm)(0.1 Percentile),5-day total precipitation (mm)(0.25 Percentile),5-day total precipitation (mm)(0.5 Percentile),5-day total precipitation (mm)(0.75 Percentile),5-day total precipitation (mm)(1st Percentile),5-day total precipitation (mm)(1.5 Percentile),5-day total precipitation (mm)(2nd Percentile),5-day total precipitation (mm)(2.5 Percentile),5-day total precipitation (mm)(3rd Percentile),5-day total precipitation (mm)(4th Percentile),5-day total precipitation (mm)(5th Percentile),5-day total precipitation (mm)(6th Percentile),5-day total precipitation (mm)(7th Percentile),5-day total precipitation (mm)(8th Percentile),5-day total precipitation (mm)(9th Percentile),5-day total precipitation (mm)(10th Percentile),5-day total precipitation (mm)(11th Percentile),5-day total precipitation (mm)(12th Percentile),5-day total precipitation (mm)(13th Percentile),5-day total precipitation (mm)(14th Percentile),5-day total precipitation (mm)(15th Percentile),5-day total precipitation (mm)(16th Percentile),5-day total precipitation (mm)(17th Percentile),5-day total precipitation (mm)(18th Percentile),5-day total precipitation (mm)(19th Percentile),5-day total precipitation (mm)(20th Percentile),5-day total precipitation (mm)(21st Percentile),5-day total precipitation (mm)(22nd Percentile),5-day total precipitation (mm)(23rd Percentile),5-day total precipitation (mm)(24th Percentile),5-day total precipitation (mm)(25th Percentile),5-day total precipitation (mm)(26th Percentile),5-day total precipitation (mm)(27th Percentile),5-day total precipitation (mm)(28th Percentile),5-day total precipitation (mm)(29th Percentile),5-day total precipitation (mm)(30th Percentile),5-day total precipitation (mm)(31st Percentile),5-day total precipitation (mm)(32nd Percentile),5-day total precipitation (mm)(33rd Percentile),5-day total precipitation (mm)(34th Percentile),5-day total precipitation (mm)(35th Percentile),5-day total precipitation (mm)(36th Percentile),5-day total precipitation (mm)(37th Percentile),5-day total precipitation (mm)(38th Percentile),5-day total precipitation (mm)(39th Percentile),5-day total precipitation (mm)(40th Percentile),5-day total precipitation (mm)(41st Percentile),5-day total precipitation (mm)(42nd Percentile),5-day total precipitation (mm)(43rd Percentile),5-day total precipitation (mm)(44th Percentile),5-day total precipitation (mm)(45th Percentile),5-day total precipitation (mm)(46th Percentile),5-day total precipitation (mm)(47th Percentile),5-day total precipitation (mm)(48th Percentile),5-day total precipitation (mm)(49th Percentile),5-day total precipitation (mm)(50th Percentile),5-day total precipitation (mm)(51st Percentile),5-day total precipitation (mm)(52nd Percentile),5-day total precipitation (mm)(53rd Percentile),5-day total precipitation (mm)(54th Percentile),5-day total precipitation (mm)(55th Percentile),5-day total precipitation (mm)(56th Percentile),5-day total precipitation (mm)(57th Percentile),5-day total precipitation (mm)(58th Percentile),5-day total precipitation (mm)(59th Percentile),5-day total precipitation (mm)(60th Percentile),5-day total precipitation (mm)(61st Percentile),5-day total precipitation (mm)(62nd Percentile),5-day total precipitation (mm)(63rd Percentile),5-day total precipitation (mm)(64th Percentile),5-day total precipitation (mm)(65th Percentile),5-day total precipitation (mm)(66th Percentile),5-day total precipitation (mm)(67th Percentile),5-day total precipitation (mm)(68th Percentile),5-day total precipitation (mm)(69th Percentile),5-day total precipitation (mm)(70th Percentile),5-day total precipitation (mm)(71st Percentile),5-day total precipitation (mm)(72nd Percentile),5-day total precipitation (mm)(73rd Percentile),5-day total precipitation (mm)(74th Percentile),5-day total precipitation (mm)(75th Percentile),5-day total precipitation (mm)(76th Percentile),5-day total precipitation (mm)(77th Percentile),5-day total precipitation (mm)(78th Percentile),5-day total precipitation (mm)(79th Percentile),5-day total precipitation (mm)(80th Percentile),5-day total precipitation (mm)(81st Percentile),5-day total precipitation (mm)(82nd Percentile),5-day total precipitation (mm)(83rd Percentile),5-day total precipitation (mm)(84th Percentile),5-day total precipitation (mm)(85th Percentile),5-day total precipitation (mm)(86th Percentile),5-day total precipitation (mm)(87th Percentile),5-day total precipitation (mm)(88th Percentile),5-day total precipitation (mm)(89th Percentile),5-day total precipitation (mm)(90th Percentile),5-day total precipitation (mm)(91st Percentile),5-day total precipitation (mm)(92nd Percentile),5-day total precipitation (mm)(93rd Percentile),5-day total precipitation (mm)(94th Percentile),5-day total precipitation (mm)(95th Percentile),5-day total precipitation (mm)(96th Percentile),5-day total precipitation (mm)(97th Percentile),5-day total precipitation (mm)(97.5 Percentile),5-day total precipitation (mm)(98th Percentile),5-day total precipitation (mm)(98.5 Percentile),5-day total precipitation (mm)(99th Percentile),5-day total precipitation (mm)(99.25 Percentile),5-day total precipitation (mm)(99.5 Percentile),5-day total precipitation (mm)(99.75 Percentile),5-day total precipitation (mm)(99.90 Percentile)
2018-04-16,--,--,--,--,--,--,--,--,--,--,57.547276,57.918518,58.28976,58.56819,58.75381,59.032246,59.217865,59.496296,59.68192,59.86754,60.053158,60.23878,60.4244,60.610023,60.795643,60.888454,61.074074,61.259697,61.352505,61.538128,61.723747,61.81656,62.00218,62.09499,62.28061,62.37342,62.55904,62.65185,62.837475,62.930283,63.115906,63.208714,63.394337,63.48715,63.579956,63.76558,63.858387,63.9512,64.13682,64.22963,64.41525,64.508064,64.600876,64.78649,64.8793,65.064926,65.15774,65.25055,65.436165,65.52898,65.7146,65.80741,65.90022,66.08584,66.17865,66.36427,66.457085,66.6427,66.73551,66.921135,67.01395,67.19956,67.385185,67.478,67.66362,67.75643,67.94205,68.12767,68.22048,68.406105,68.59172,68.68453,68.870155,69.05578,69.241394,69.42702,69.61264,69.798256,69.98388,70.262314,70.44793,70.726364,71.0048,71.283226,71.654465,71.9329,72.30414,72.768196,73.23225,73.6963,74.34597,--,--,--,--,--,--,--,--,--,--
2019-04-16,--,--,--,--,--,--,--,--,--,--,57.562225,57.938156,58.314083,58.596027,58.783993,59.065937,59.347885,59.535847,59.723812,59.911774,60.09974,60.287704,60.475666,60.66363,60.851593,60.945576,61.13354,61.321507,61.415485,61.60345,61.791416,61.885395,62.07336,62.167343,62.355305,62.449287,62.637253,62.731236,62.919197,63.01318,63.201145,63.295124,63.389107,63.577072,63.671055,63.859016,63.953,64.04698,64.23495,64.328926,64.42291,64.61087,64.70486,64.89282,64.9868,65.08078,65.268745,65.36273,65.45671,65.64468,65.738655,65.92662,66.0206,66.208565,66.30255,66.49051,66.584496,66.77246,66.86644,67.054405,67.148384,67.33635,67.43033,67.61829,67.71228,67.90024,68.0882,68.18219,68.37015,68.464134,68.6521,68.84006,69.02802,69.21599,69.30997,69.49793,69.6859,69.96784,70.15581,70.34377,70.62572,70.90766,71.189606,71.47156,71.7535,72.129425,72.505356,72.88129,73.3512,73.915085,74.57296,--,--,--,--,--,--,--,--,--,--
2020-04-16,--,--,--,--,--,--,--,--,--,--,57.590733,57.971004,58.351276,58.63648,58.826614,59.111816,59.301952,59.58716,59.777294,59.967426,60.157562,60.3477,60.537834,60.72797,60.823036,61.013172,61.20331,61.298378,61.488514,61.678646,61.773716,61.963852,62.058918,62.249054,62.43919,62.53426,62.629326,62.81946,62.914528,63.104664,63.199734,63.38987,63.484936,63.67507,63.770138,63.865208,64.05534,64.15041,64.245476,64.435616,64.53068,64.72082,64.81589,64.91095,65.10109,65.19616,65.29122,65.48136,65.57642,65.76656,65.86163,65.956696,66.146835,66.2419,66.43204,66.52711,66.71724,66.81231,67.00244,67.09751,67.28764,67.38271,67.57285,67.667915,67.858055,67.953125,68.14326,68.33339,68.42846,68.6186,68.80873,68.9038,69.09393,69.28407,69.474205,69.664345,69.85448,70.04461,70.23475,70.51995,70.71009,70.99529,71.280495,71.5657,71.94597,72.23117,72.61144,73.086784,73.56212,74.03746,74.702934,--,--,--,--,--,--,--,--,--,--
2021-04-16,--,--,--,--,--,--,--,--,--,--,57.616707,58.001488,58.290073,58.674854,58.867245,59.15583,59.34822,59.636806,59.829197,60.021587,60.213978,60.406372,60.598763,60.791153,60.88735,61.07974,61.27213,61.368324,61.560715,61.753105,61.8493,62.04169,62.137886,62.330276,62.42647,62.618862,62.715057,62.907448,63.003643,63.196033,63.29223,63.388424,63.58082,63.677013,63.869404,63.9656,64.06179,64.25418,64.35038,64.54277,64.63896,64.73516,64.92755,65.02375,65.11994,65.31233,65.40853,65.50472,65.69711,65.79331,65.9857,66.081894,66.17809,66.37048,66.466675,66.659065,66.755264,66.947655,67.043846,67.23624,67.332436,67.524826,67.62102,67.81341,68.005806,68.102,68.29439,68.39059,68.58298,68.77537,68.87156,69.06395,69.25634,69.44873,69.64112,69.73732,70.0259,70.21829,70.41068,70.60307,70.89166,71.18025,71.468834,71.75742,72.046005,72.430786,72.81557,73.20035,73.68133,74.2585,74.83567,--,--,--,--,--,--,--,--,--,--
2022-04-16,--,--,--,--,--,--,--,--,--,--,57.63014,58.019924,58.40971,58.702053,58.896946,59.189285,59.384182,59.67652,59.871414,60.066307,60.261204,60.456097,60.65099,60.748436,60.94333,61.138226,61.33312,61.430565,61.625458,61.722904,61.917797,62.112694,62.21014,62.405033,62.50248,62.697372,62.79482,62.989716,63.087162,63.18461,63.3795,63.476948,63.67184,63.76929,63.866737,64.06163,64.15907,64.35397,64.451416,64.54887,64.74376,64.8412,64.93865,65.133545,65.230995,65.32844,65.52333,65.62078,65.815674,65.91312,66.01057,66.20546,66.30291,66.4978,66.595245,66.790146,66.88759,67.08248,67.17993,67.374825,67.47227,67.66717,67.76461,67.9595,68.05695,68.25185,68.34929,68.54419,68.73908,68.836525,69.03142,69.22631,69.32376,69.518654,69.71355,69.90844,70.10333,70.29823,70.59057,70.78546,71.077805,71.2727,71.56504,71.857376,72.24717,72.539505,72.9293,73.41653,73.80632,74.391,75.07313,--,--,--,--,--,--,--,--,--,--
2023-04-16,--,--,--,--,--,--,--,--,--,--,57.651104,58.04575,58.341736,58.637722,58.933704,59.22969,59.427013,59.723,59.920322,60.117645,60.31497,60.51229,60.709614,60.808277,61.0056,61.202923,61.301582,61.49891,61.69623,61.79489,61.992214,62.090878,62.2882,62.386864,62.584187,62.682846,62.88017,62.978832,63.176155,63.274815,63.47214,63.5708,63.669464,63.866787,63.965446,64.16277,64.26143,64.36009,64.55742,64.65608,64.75474,64.952065,65.05073,65.14938,65.34671,65.44537,65.64269,65.741356,65.84002,66.03734,66.136,66.33333,66.43199,66.53065,66.727974,66.82664,67.02396,67.12262,67.31994,67.4186,67.61593,67.71459,67.91191,68.010574,68.20789,68.30656,68.50388,68.7012,68.799866,68.99719,69.09585,69.293175,69.4905,69.68782,69.88515,70.082466,70.27979,70.47711,70.67444,70.97042,71.16775,71.46373,71.75971,72.0557,72.351685,72.74633,73.140976,73.53562,74.02893,74.6209,75.21287,--,--,--,--,--,--,--,--,--,--
2024-04-16,--,--,--,--,--,--,--,--,--,--,57.679386,58.078747,58.378265,58.677788,58.977306,59.27683,59.47651,59.67619,59.97571,60.175392,60.375072,60.574753,60.67459,60.87427,61.07395,61.273632,61.373474,61.573154,61.772835,61.872677,62.072357,62.172195,62.371876,62.471718,62.6714,62.771236,62.970917,63.07076,63.27044,63.370277,63.47012,63.6698,63.76964,63.969322,64.06916,64.169,64.36868,64.46852,64.56836,64.76804,64.86788,64.96772,65.167404,65.26724,65.46693,65.566765,65.6666,65.86629,65.966125,66.06596,66.26565,66.365486,66.56517,66.66501,66.864685,66.96453,67.06437,67.264046,67.36389,67.56357,67.66341,67.86309,67.96293,68.16261,68.26245,68.462135,68.66181,68.76165,68.961334,69.06117,69.26086,69.46053,69.66022,69.760056,69.95973,70.15942,70.3591,70.658615,70.8583,71.057976,71.3575,71.65702,71.8567,72.256065,72.55558,72.95494,73.25446,73.75366,74.25287,74.75207,75.45095,--,--,--,--,--,--,--,--,--,--
2025-04-16,--,--,--,--,--,--,--,--,--,--,57.711407,58.11545,58.418484,58.72152,59.02455,59.327583,59.529606,59.73163,59.93365,60.135674,60.337696,60.53972,60.74174,60.94376,61.145782,61.246796,61.44882,61.65084,61.75185,61.953873,62.054882,62.256905,62.458927,62.55994,62.76196,62.862972,62.96398,63.166004,63.267017,63.469036,63.57005,63.77207,63.87308,63.974094,64.17612,64.27712,64.378136,64.58016,64.68117,64.78218,64.98421,65.08521,65.186226,65.388245,65.48926,65.691284,65.79229,65.8933,66.09532,66.196335,66.39836,66.49937,66.60038,66.80241,66.90341,67.10544,67.20644,67.40847,67.50948,67.7115,67.812515,67.91352,68.11555,68.317566,68.41858,68.6206,68.72161,68.92364,69.02464,69.22667,69.42869,69.5297,69.73172,69.93375,70.135765,70.33779,70.53981,70.74184,70.943855,71.24689,71.44891,71.751945,72.05498,72.35801,72.762054,73.06509,73.46913,73.87318,74.378235,74.9843,75.59036,--,--,--,--,--,--,--,--,--,--
2026-04-16,--,--,--,--,--,--,--,--,--,--,57.750828,58.159397,58.465824,58.77225,59.07868,59.282963,59.58939,59.793674,59.99796,60.202244,60.40653,60.610813,60.815098,61.019382,61.121525,61.32581,61.530094,61.632236,61.83652,62.040806,62.14295,62.347233,62.449375,62.65366,62.755802,62.960087,63.06223,63.266514,63.368656,63.4708,63.675083,63.777225,63.98151,64.08365,64.18579,64.390076,64.49222,64.59436,64.798645,64.90079,65.00293,65.207214,65.30936,65.51364,65.61578,65.717926,65.92221,66.02435,66.126495,66.33078,66.43292,66.63721,66.73935,66.84149,67.04578,67.14792,67.3522,67.454346,67.65863,67.76077,67.96506,68.0672,68.271484,68.37363,68.57791,68.68005,68.88434,68.98648,69.190765,69.39505,69.49719,69.70148,69.90576,70.11005,70.31433,70.41647,70.7229,70.927185,71.13147,71.4379,71.64218,71.94861,72.255035,72.56146,72.86789,73.27646,73.68503,74.0936,74.60431,75.11502,75.83002,--,--,--,--,--,--,--,--,--,--
2027-04-16,--,--,--,--,--,--,--,--,--,--,57.76977,58.18364,58.49404,58.804443,59.114845,59.321777,59.63218,59.839115,60.046047,60.252983,60.45992,60.66685,60.873787,61.08072,61.18419,61.39112,61.598057,61.701523,61.90846,62.011925,62.21886,62.425793,62.529263,62.736195,62.83966,62.94313,63.150063,63.253532,63.460464,63.563934,63.770866,63.874332,63.977802,64.18474,64.2882,64.39167,64.5986,64.70207,64.80554,65.012474,65.115944,65.322876,65.42634,65.52981,65.73674,65.84021,65.94368,66.15061,66.25408,66.46101,66.56448,66.667946,66.874886,66.97835,67.18529,67.28875,67.49568,67.59915,67.70262,67.90955,68.01302,68.219955,68.323425,68.53036,68.63383,68.84076,68.94423,69.15116,69.35809,69.46156,69.668495,69.87543,69.9789,70.18583,70.39277,70.5997,70.80663,71.01357,71.323975,71.53091,71.84131,72.15171,72.35864,72.772514,73.08292,73.39332,73.80718,74.32452,74.73839,75.35919,75.979996,--,--,--,--,--,--,--,--,--,--
