header length,16
Area,437500.0 337500.0
Baseline,1981-2000
Data Source,Land probabilistic projections
Data Type,sample
Sampling IDs,1,2,3,4,5,6,7,8,9,10,11,12,13,14,15,16,17,18,19,20,21,22,23,24,25,26,27,28,29,30,31,32,33,34,35,36,37,38,39,40,41,42,43,44,45,46,47,48,49,50,51,52,53,54,55,56,57,58,59,60,61,62,63,64,65,66,67,68,69,70,71,72,73,74,75,76,77,78,79,80,81,82,83,84,85,86,87,88,89,90,91,92,93,94,95,96,97,98,99,100,101,102,103,104,105,106,107,108,109,110,111,112,113,114,115,116,117,118,119,120,121,122,123,124,125,126,127,128,129,130,131,132,133,134,135,136,137,138,139,140,141,142,143,144,145,146,147,148,149,150,151,152,153,154,155,156,157,158,159,160,161,162,163,164,165,166,167,168,169,170,171,172,173,174,175,176,177,178,179,180,181,182,183,184,185,186,187,188,189,190,191,192,193,194,195,196,197,198,199,200,201,202,203,204,205,206,207,208,209,210,211,212,213,214,215,216,217,218,219,220,221,222,223,224,225,226,227,228,229,230,231,232,233,234,235,236,237,238,239,240,241,242,243,244,245,246,247,248,249,250,251,252,253,254,255,256,257,258,259,260,261,262,263,264,265,266,267,268,269,270,271,272,273,274,275,276,277,278,279,280,281,282,283,284,285,286,287,288,289,290,291,292,293,294,295,296,297,298,299,300
Sampling Method,id
Scenario,RCP 8.5
Software Version,0.0.0TEST
Spatial Representation,25km grid
Temporal Average Type,Seasonal
Time Period,all
Time Slice Type,1-year time slices
Variable,Mean air temperature anomaly at 1.5m (°C)
Year,2018
Date,Mean air temperature anomaly at 1.5m (°C)(sample 1),Mean air temperature anomaly at 1.5m (°C)(sample 2),Mean air temperature anomaly at 1.5m (°C)(sample 3),Mean air temperature anomaly at 1.5m (°C)(sample 4),Mean air temperature anomaly at 1.5m (°C)(sample 5),Mean air temperature anomaly at 1.5m (°C)(sample 6),Mean air temperature anomaly at 1.5m (°C)(sample 7),Mean air temperature anomaly at 1.5m (°C)(sample 8),Mean air temperature anomaly at 1.5m (°C)(sample 9),Mean air temperature anomaly at 1.5m (°C)(sample 10),Mean air temperature anomaly at 1.5m (°C)(sample 11),Mean air temperature anomaly at 1.5m (°C)(sample 12),Mean air temperature anomaly at 1.5m (°C)(sample 13),Mean air temperature anomaly at 1.5m (°C)(sample 14),Mean air temperature anomaly at 1.5m (°C)(sample 15),Mean air temperature anomaly at 1.5m (°C)(sample 16),Mean air temperature anomaly at 1.5m (°C)(sample 17),Mean air temperature anomaly at 1.5m (°C)(sample 18),Mean air temperature anomaly at 1.5m (°C)(sample 19),Mean air temperature anomaly at 1.5m (°C)(sample 20),Mean air temperature anomaly at 1.5m (°C)(sample 21),Mean air temperature anomaly at 1.5m (°C)(sample 22),Mean air temperature anomaly at 1.5m (°C)(sample 23),Mean air temperature anomaly at 1.5m (°C)(sample 24),Mean air temperature anomaly at 1.5m (°C)(sample 25),Mean air temperature anomaly at 1.5m (°C)(sample 26),Mean air temperature anomaly at 1.5m (°C)(sample 27),Mean air temperature anomaly at 1.5m (°C)(sample 28),Mean air temperature anomaly at 1.5m (°C)(sample 29),Mean air temperature anomaly at 1.5m (°C)(sample 30),Mean air temperature anomaly at 1.5m (°C)(sample 31),Mean air temperature anomaly at 1.5m (°C)(sample 32),Mean air temperature anomaly at 1.5m (°C)(sample 33),Mean air temperature anomaly at 1.5m (°C)(sample 34),Mean air temperature anomaly at 1.5m (°C)(sample 35),Mean air temperature anomaly at 1.5m (°C)(sample 36),Mean air temperature anomaly at 1.5m (°C)(sample 37),Mean air temperature anomaly at 1.5m (°C)(sample 38),Mean air temperature anomaly at 1.5m (°C)(sample 39),Mean air temperature anomaly at 1.5m (°C)(sample 40),Mean air temperature anomaly at 1.5m (°C)(sample 41),Mean air temperature anomaly at 1.5m (°C)(sample 42),Mean air temperature anomaly at 1.5m (°C)(sample 43),Mean air temperature anomaly at 1.5m (°C)(sample 44),Mean air temperature anomaly at 1.5m (°C)(sample 45),Mean air temperature anomaly at 1.5m (°C)(sample 46),Mean air temperature anomaly at 1.5m (°C)(sample 47),Mean air temperature anomaly at 1.5m (°C)(sample 48),Mean air temperature anomaly at 1.5m (°C)(sample 49),Mean air temperature anomaly at 1.5m (°C)(sample 50),Mean air temperature anomaly at 1.5m (°C)(sample 51),Mean air temperature anomaly at 1.5m (°C)(sample 52),Mean air temperature anomaly at 1.5m (°C)(sample 53),Mean air temperature anomaly at 1.5m (°C)(sample 54),Mean air temperature anomaly at 1.5m (°C)(sample 55),Mean air temperature anomaly at 1.5m (°C)(sample 56),Mean air temperature anomaly at 1.5m (°C)(sample 57),Mean air temperature anomaly at 1.5m (°C)(sample 58),Mean air temperature anomaly at 1.5m (°C)(sample 59),Mean air temperature anomaly at 1.5m (°C)(sample 60),Mean air temperature anomaly at 1.5m (°C)(sample 61),Mean air temperature anomaly at 1.5m (°C)(sample 62),Mean air temperature anomaly at 1.5m (°C)(sample 63),Mean air temperature anomaly at 1.5m (°C)(sample 64),Mean air temperature anomaly at 1.5m (°C)(sample 65),Mean air temperature anomaly at 1.5m (°C)(sample 66),Mean air temperature anomaly at 1.5m (°C)(sample 67),Mean air temperature anomaly at 1.5m (°C)(sample 68),Mean air temperature anomaly at 1.5m (°C)(sample 69),Mean air temperature anomaly at 1.5m (°C)(sample 70),Mean air temperature anomaly at 1.5m (°C)(sample 71),Mean air temperature anomaly at 1.5m (°C)(sample 72),Mean air temperature anomaly at 1.5m (°C)(sample 73),Mean air temperature anomaly at 1.5m (°C)(sample 74),Mean air temperature anomaly at 1.5m (°C)(sample 75),Mean air temperature anomaly at 1.5m (°C)(sample 76),Mean air temperature anomaly at 1.5m (°C)(sample 77),Mean air temperature anomaly at 1.5m (°C)(sample 78),Mean air temperature anomaly at 1.5m (°C)(sample 79),Mean air temperature anomaly at 1.5m (°C)(sample 80),Mean air temperature anomaly at 1.5m (°C)(sample 81),Mean air temperature anomaly at 1.5m (°C)(sample 82),Mean air temperature anomaly at 1.5m (°C)(sample 83),Mean air temperature anomaly at 1.5m (°C)(sample 84),Mean air temperature anomaly at 1.5m (°C)(sample 85),Mean air temperature anomaly at 1.5m (°C)(sample 86),Mean air temperature anomaly at 1.5m (°C)(sample 87),Mean air temperature anomaly at 1.5m (°C)(sample 88),Mean air temperature anomaly at 1.5m (°C)(sample 89),Mean air temperature anomaly at 1.5m (°C)(sample 90),Mean air temperature anomaly at 1.5m (°C)(sample 91),Mean air temperature anomaly at 1.5m (°C)(sample 92),Mean air temperature anomaly at 1.5m (°C)(sample 93),Mean air temperature anomaly at 1.5m (°C)(sample 94),Mean air temperature anomaly at 1.5m (°C)(sample 95),Mean air temperature anomaly at 1.5m (°C)(sample 96),Mean air temperature anomaly at 1.5m (°C)(sample 97),Mean air temperature anomaly at 1.5m (°C)(sample 98),Mean air temperature anomaly at 1.5m (°C)(sample 99),Mean air temperature anomaly at 1.5m (°C)(sample 100),Mean air temperature anomaly at 1.5m (°C)(sample 101),Mean air temperature anomaly at 1.5m (°C)(sample 102),Mean air temperature anomaly at 1.5m (°C)(sample 103),Mean air temperature anomaly at 1.5m (°C)(sample 104),Mean air temperature anomaly at 1.5m (°C)(sample 105),Mean air temperature anomaly at 1.5m (°C)(sample 106),Mean air temperature anomaly at 1.5m (°C)(sample 107),Mean air temperature anomaly at 1.5m (°C)(sample 108),Mean air temperature anomaly at 1.5m (°C)(sample 109),Mean air temperature anomaly at 1.5m (°C)(sample 110),Mean air temperature anomaly at 1.5m (°C)(sample 111),Mean air temperature anomaly at 1.5m (°C)(sample 112),Mean air temperature anomaly at 1.5m (°C)(sample 113),Mean air temperature anomaly at 1.5m (°C)(sample 114),Mean air temperature anomaly at 1.5m (°C)(sample 115),Mean air temperature anomaly at 1.5m (°C)(sample 116),Mean air temperature anomaly at 1.5m (°C)(sample 117),Mean air temperature anomaly at 1.5m (°C)(sample 118),Mean air temperature anomaly at 1.5m (°C)(sample 119),Mean air temperature anomaly at 1.5m (°C)(sample 120),Mean air temperature anomaly at 1.5m (°C)(sample 121),Mean air temperature anomaly at 1.5m (°C)(sample 122),Mean air temperature anomaly at 1.5m (°C)(sample 123),Mean air temperature anomaly at 1.5m (°C)(sample 124),Mean air temperature anomaly at 1.5m (°C)(sample 125),Mean air temperature anomaly at 1.5m (°C)(sample 126),Mean air temperature anomaly at 1.5m (°C)(sample 127),Mean air temperature anomaly at 1.5m (°C)(sample 128),Mean air temperature anomaly at 1.5m (°C)(sample 129),Mean air temperature anomaly at 1.5m (°C)(sample 130),Mean air temperature anomaly at 1.5m (°C)(sample 131),Mean air temperature anomaly at 1.5m (°C)(sample 132),Mean air temperature anomaly at 1.5m (°C)(sample 133),Mean air temperature anomaly at 1.5m (°C)(sample 134),Mean air temperature anomaly at 1.5m (°C)(sample 135),Mean air temperature anomaly at 1.5m (°C)(sample 136),Mean air temperature anomaly at 1.5m (°C)(sample 137),Mean air temperature anomaly at 1.5m (°C)(sample 138),Mean air temperature anomaly at 1.5m (°C)(sample 139),Mean air temperature anomaly at 1.5m (°C)(sample 140),Mean air temperature anomaly at 1.5m (°C)(sample 141),Mean air temperature anomaly at 1.5m (°C)(sample 142),Mean air temperature anomaly at 1.5m (°C)(sample 143),Mean air temperature anomaly at 1.5m (°C)(sample 144),Mean air temperature anomaly at 1.5m (°C)(sample 145),Mean air temperature anomaly at 1.5m (°C)(sample 146),Mean air temperature anomaly at 1.5m (°C)(sample 147),Mean air temperature anomaly at 1.5m (°C)(sample 148),Mean air temperature anomaly at 1.5m (°C)(sample 149),Mean air temperature anomaly at 1.5m (°C)(sample 150),Mean air temperature anomaly at 1.5m (°C)(sample 151),Mean air temperature anomaly at 1.5m (°C)(sample 152),Mean air temperature anomaly at 1.5m (°C)(sample 153),Mean air temperature anomaly at 1.5m (°C)(sample 154),Mean air temperature anomaly at 1.5m (°C)(sample 155),Mean air temperature anomaly at 1.5m (°C)(sample 156),Mean air temperature anomaly at 1.5m (°C)(sample 157),Mean air temperature anomaly at 1.5m (°C)(sample 158),Mean air temperature anomaly at 1.5m (°C)(sample 159),Mean air temperature anomaly at 1.5m (°C)(sample 160),Mean air temperature anomaly at 1.5m (°C)(sample 161),Mean air temperature anomaly at 1.5m (°C)(sample 162),Mean air temperature anomaly at 1.5m (°C)(sample 163),Mean air temperature anomaly at 1.5m (°C)(sample 164),Mean air temperature anomaly at 1.5m (°C)(sample 165),Mean air temperature anomaly at 1.5m (°C)(sample 166),Mean air temperature anomaly at 1.5m (°C)(sample 167),Mean air temperature anomaly at 1.5m (°C)(sample 168),Mean air temperature anomaly at 1.5m (°C)(sample 169),Mean air temperature anomaly at 1.5m (°C)(sample 170),Mean air temperature anomaly at 1.5m (°C)(sample 171),Mean air temperature anomaly at 1.5m (°C)(sample 172),Mean air temperature anomaly at 1.5m (°C)(sample 173),Mean air temperature anomaly at 1.5m (°C)(sample 174),Mean air temperature anomaly at 1.5m (°C)(sample 175),Mean air temperature anomaly at 1.5m (°C)(sample 176),Mean air temperature anomaly at 1.5m (°C)(sample 177),Mean air temperature anomaly at 1.5m (°C)(sample 178),Mean air temperature anomaly at 1.5m (°C)(sample 179),Mean air temperature anomaly at 1.5m (°C)(sample 180),Mean air temperature anomaly at 1.5m (°C)(sample 181),Mean air temperature anomaly at 1.5m (°C)(sample 182),Mean air temperature anomaly at 1.5m (°C)(sample 183),Mean air temperature anomaly at 1.5m (°C)(sample 184),Mean air temperature anomaly at 1.5m (°C)(sample 185),Mean air temperature anomaly at 1.5m (°C)(sample 186),Mean air temperature anomaly at 1.5m (°C)(sample 187),Mean air temperature anomaly at 1.5m (°C)(sample 188),Mean air temperature anomaly at 1.5m (°C)(sample 189),Mean air temperature anomaly at 1.5m (°C)(sample 190),Mean air temperature anomaly at 1.5m (°C)(sample 191),Mean air temperature anomaly at 1.5m (°C)(sample 192),Mean air temperature anomaly at 1.5m (°C)(sample 193),Mean air temperature anomaly at 1.5m (°C)(sample 194),Mean air temperature anomaly at 1.5m (°C)(sample 195),Mean air temperature anomaly at 1.5m (°C)(sample 196),Mean air temperature anomaly at 1.5m (°C)(sample 197),Mean air temperature anomaly at 1.5m (°C)(sample 198),Mean air temperature anomaly at 1.5m (°C)(sample 199),Mean air temperature anomaly at 1.5m (°C)(sample 200),Mean air temperature anomaly at 1.5m (°C)(sample 201),Mean air temperature anomaly at 1.5m (°C)(sample 202),Mean air temperature anomaly at 1.5m (°C)(sample 203),Mean air temperature anomaly at 1.5m (°C)(sample 204),Mean air temperature anomaly at 1.5m (°C)(sample 205),Mean air temperature anomaly at 1.5m (°C)(sample 206),Mean air temperature anomaly at 1.5m (°C)(sample 207),Mean air temperature anomaly at 1.5m (°C)(sample 208),Mean air temperature anomaly at 1.5m (°C)(sample 209),Mean air temperature anomaly at 1.5m (°C)(sample 210),Mean air temperature anomaly at 1.5m (°C)(sample 211),Mean air temperature anomaly at 1.5m (°C)(sample 212),Mean air temperature anomaly at 1.5m (°C)(sample 213),Mean air temperature anomaly at 1.5m (°C)(sample 214),Mean air temperature anomaly at 1.5m (°C)(sample 215),Mean air temperature anomaly at 1.5m (°C)(sample 216),Mean air temperature anomaly at 1.5m (°C)(sample 217),Mean air temperature anomaly at 1.5m (°C)(sample 218),Mean air temperature anomaly at 1.5m (°C)(sample 219),Mean air temperature anomaly at 1.5m (°C)(sample 220),Mean air temperature anomaly at 1.5m (°C)(sample 221),Mean air temperature anomaly at 1.5m (°C)(sample 222),Mean air temperature anomaly at 1.5m (°C)(sample 223),Mean air temperature anomaly at 1.5m (°C)(sample 224),Mean air temperature anomaly at 1.5m (°C)(sample 225),Mean air temperature anomaly at 1.5m (°C)(sample 226),Mean air temperature anomaly at 1.5m (°C)(sample 227),Mean air temperature anomaly at 1.5m (°C)(sample 228),Mean air temperature anomaly at 1.5m (°C)(sample 229),Mean air temperature anomaly at 1.5m (°C)(sample 230),Mean air temperature anomaly at 1.5m (°C)(sample 231),Mean air temperature anomaly at 1.5m (°C)(sample 232),Mean air temperature anomaly at 1.5m (°C)(sample 233),Mean air temperature anomaly at 1.5m (°C)(sample 234),Mean air temperature anomaly at 1.5m (°C)(sample 235),Mean air temperature anomaly at 1.5m (°C)(sample 236),Mean air temperature anomaly at 1.5m (°C)(sample 237),Mean air temperature anomaly at 1.5m (°C)(sample 238),Mean air temperature anomaly at 1.5m (°C)(sample 239),Mean air temperature anomaly at 1.5m (°C)(sample 240),Mean air temperature anomaly at 1.5m (°C)(sample 241),Mean air temperature anomaly at 1.5m (°C)(sample 242),Mean air temperature anomaly at 1.5m (°C)(sample 243),Mean air temperature anomaly at 1.5m (°C)(sample 244),Mean air temperature anomaly at 1.5m (°C)(sample 245),Mean air temperature anomaly at 1.5m (°C)(sample 246),Mean air temperature anomaly at 1.5m (°C)(sample 247),Mean air temperature anomaly at 1.5m (°C)(sample 248),Mean air temperature anomaly at 1.5m (°C)(sample 249),Mean air temperature anomaly at 1.5m (°C)(sample 250),Mean air temperature anomaly at 1.5m (°C)(sample 251),Mean air temperature anomaly at 1.5m (°C)(sample 252),Mean air temperature anomaly at 1.5m (°C)(sample 253),Mean air temperature anomaly at 1.5m (°C)(sample 254),Mean air temperature anomaly at 1.5m (°C)(sample 255),Mean air temperature anomaly at 1.5m (°C)(sample 256),Mean air temperature anomaly at 1.5m (°C)(sample 257),Mean air temperature anomaly at 1.5m (°C)(sample 258),Mean air temperature anomaly at 1.5m (°C)(sample 259),Mean air temperature anomaly at 1.5m (°C)(sample 260),Mean air temperature anomaly at 1.5m (°C)(sample 261),Mean air temperature anomaly at 1.5m (°C)(sample 262),Mean air temperature anomaly at 1.5m (°C)(sample 263),Mean air temperature anomaly at 1.5m (°C)(sample 264),Mean air temperature anomaly at 1.5m (°C)(sample 265),Mean air temperature anomaly at 1.5m (°C)(sample 266),Mean air temperature anomaly at 1.5m (°C)(sample 267),Mean air temperature anomaly at 1.5m (°C)(sample 268),Mean air temperature anomaly at 1.5m (°C)(sample 269),Mean air temperature anomaly at 1.5m (°C)(sample 270),Mean air temperature anomaly at 1.5m (°C)(sample 271),Mean air temperature anomaly at 1.5m (°C)(sample 272),Mean air temperature anomaly at 1.5m (°C)(sample 273),Mean air temperature anomaly at 1.5m (°C)(sample 274),Mean air temperature anomaly at 1.5m (°C)(sample 275),Mean air temperature anomaly at 1.5m (°C)(sample 276),Mean air temperature anomaly at 1.5m (°C)(sample 277),Mean air temperature anomaly at 1.5m (°C)(sample 278),Mean air temperature anomaly at 1.5m (°C)(sample 279),Mean air temperature anomaly at 1.5m (°C)(sample 280),Mean air temperature anomaly at 1.5m (°C)(sample 281),Mean air temperature anomaly at 1.5m (°C)(sample 282),Mean air temperature anomaly at 1.5m (°C)(sample 283),Mean air temperature anomaly at 1.5m (°C)(sample 284),Mean air temperature anomaly at 1.5m (°C)(sample 285),Mean air temperature anomaly at 1.5m (°C)(sample 286),Mean air temperature anomaly at 1.5m (°C)(sample 287),Mean air temperature anomaly at 1.5m (°C)(sample 288),Mean air temperature anomaly at 1.5m (°C)(sample 289),Mean air temperature anomaly at 1.5m (°C)(sample 290),Mean air temperature anomaly at 1.5m (°C)(sample 291),Mean air temperature anomaly at 1.5m (°C)(sample 292),Mean air temperature anomaly at 1.5m (°C)(sample 293),Mean air temperature anomaly at 1.5m (°C)(sample 294),Mean air temperature anomaly at 1.5m (°C)(sample 295),Mean air temperature anomaly at 1.5m (°C)(sample 296),Mean air temperature anomaly at 1.5m (°C)(sample 297),Mean air temperature anomaly at 1.5m (°C)(sample 298),Mean air temperature anomaly at 1.5m (°C)(sample 299),Mean air temperature anomaly at 1.5m (°C)(sample 300)
2018-01-16,3.3517215,1.4826031,1.2241149,1.358702,0.04206881,1.3811048,0.5536875,0.70174676,0.78360313,2.1292982,1.6049426,-0.6596318,2.2410488,-0.03786599,-0.45324266,1.9499204,0.70967406,2.0446882,2.3113256,0.3039158,-0.6802908,0.92171955,0.0947676,0.9408419,-1.8244085,0.9835003,-0.04921791,1.6245716,1.8854897,-0.20136528,-0.11191058,1.0577707,0.5243335,0.9224664,1.5600084,1.3577279,2.4737515,0.3395435,-0.33980083,3.2093234,1.9659283,1.871566,0.9639792,-0.9357181,-0.079916835,0.98971146,0.9231907,2.1715941,0.056228697,3.7633061,0.5261642,0.93441594,1.0896143,0.5491059,1.2791698,0.43730637,1.1190175,1.2794497,1.325678,2.9488778,1.7659898,2.0462143,2.6171403,-0.24119475,1.4294887,1.3297601,-1.0712636,-1.3417413,-0.59242725,0.9600585,1.991196,1.1165669,0.66412103,1.2205198,0.47930992,0.9147409,1.15759,-0.4040889,0.09983386,2.3464956,1.1298683,3.0093513,2.3449872,0.35353303,-0.25026923,-0.8598318,-0.9324788,1.3100959,1.5160866,0.5473588,2.0674796,0.67184746,2.0841722,-0.7016275,2.727181,1.0997622,1.1535171,-0.13322473,2.281972,-0.653489,-0.7706907,2.8762522,1.5768547,2.456925,2.3641806,2.0108144,0.8187301,1.372304,3.1274905,3.7725139,1.4688394,0.85773486,-0.0016304255,1.1689073,2.1324296,3.083233,2.052945,0.29818034,1.8894564,0.74210536,-0.6229377,0.34165913,2.8278997,1.8431463,0.2779202,-0.8861424,2.9975035,2.1620307,1.3492134,0.21624447,1.0158933,2.7033787,-1.2644366,1.6113348,2.2581477,1.2827793,2.235239,2.8693519,-0.12784225,1.3160214,0.5784555,0.8811519,0.7526255,-0.1595647,1.4916923,-0.15114143,1.3811481,1.8640541,1.2057115,0.039729953,1.074928,2.0040183,0.41911024,0.22086135,0.14673463,1.9183753,3.1620111,-1.3027315,3.2054925,-0.26809663,2.2259212,-0.57834613,-0.95713496,2.1922283,-0.118484944,-0.6472178,1.3558371,3.5315456,0.8383027,0.51341075,1.036726,0.9153764,2.479086,1.6069777,-0.6254984,1.9671302,1.218477,3.5954003,0.8168324,1.4896538,1.5453861,0.8547415,0.58995694,3.0254345,0.9613346,2.8752751,0.012241304,0.9813628,1.9326955,-0.031035125,2.6823847,2.4675252,0.48774436,1.0713398,1.8221514,-0.34073818,0.33644295,0.0965451,1.0774848,-0.2763374,0.014711931,-0.0073414147,-1.7922668,2.1914606,1.0881876,0.8870479,1.1022178,1.4097831,1.706598,1.2648633,2.2254322,0.41613638,1.5843096,-1.0238781,0.6422175,1.446326,0.83787674,-0.10156778,-1.792203,-0.3400585,-0.22167231,0.9588426,1.1222088,4.0977206,-0.115142606,0.5306961,0.4477671,1.4649032,-0.70357555,2.3120773,2.0251245,0.37615854,0.428842,1.0201538,0.27148438,1.9982349,2.068028,0.17899889,0.45886016,2.7313428,4.0977206,4.0977206,0.12254696,2.2654715,1.2384676,1.6063236,-0.39129227,0.80685794,0.25313386,0.41332096,2.8361921,0.08484423,1.5111978,-1.9122592,-0.6156765,2.685845,1.9458032,-1.0130787,1.1146396,1.6111007,0.81533563,4.0977206,1.6766522,0.015545607,1.8677995,-1.09803,1.8187356,2.0052352,-0.3685784,0.7261913,-0.6984858,1.1891425,1.6370153,2.8067856,-0.49874035,1.5889659,0.75466853,-0.39664018,1.1574724,1.9049807,0.6521199,2.1447854,0.93073523,-0.8919182,0.6371161,3.183559,3.3047266,0.613276,0.4776538,0.5785055,0.34429526,0.23807114,0.13115087,2.4724722,2.6124992,-1.0824875,1.9294517,3.5951204,1.6156697,2.6018023
2018-04-16,2.705273,1.42639,-0.21661013,0.040136427,-0.0027160645,-0.15956643,-1.019027,-0.14999115,1.5352834,1.6678905,2.4897265,-0.7281417,1.2595181,0.6039061,-1.5033823,0.8701634,-0.6512257,0.58582604,2.4290676,0.21959841,0.07914364,-0.07080042,0.45033973,-0.2252231,-0.7448689,0.33088553,1.1952989,-0.5225072,1.6032205,-1.1318815,-0.97738284,-0.31178856,-0.097584784,0.8857758,-0.013893276,0.16030678,2.4706101,-0.29998314,1.3174077,0.31317997,0.57384753,0.85934585,0.4230601,0.087255284,-0.5853262,-0.8385993,-0.16124193,1.4981327,-0.4553098,1.1977115,0.48194122,0.89102054,0.15012649,0.03965181,0.44808108,-0.88039637,-0.24784413,0.4701882,1.6685882,2.0580502,-0.84953487,-2.0674703,-0.4034502,-0.08755672,2.242494,0.29731023,-0.7335517,-0.6017523,-1.656259,0.42385018,0.22023799,0.9112669,0.31867063,1.1124154,1.698761,1.0617081,-1.3588607,-1.1749393,0.812927,1.4879583,0.49578127,0.60275936,0.6039405,-0.8749058,1.480695,-2.0674703,1.1240367,1.6897871,2.705273,-0.15136251,0.32048202,0.1381416,0.39688435,-0.10630947,1.5448587,1.1767967,-0.55112135,-0.4138475,-0.3337698,-0.97526985,-1.2218583,2.705273,0.6864919,2.1827998,1.6759008,0.8683356,0.65275145,1.2061906,1.6288171,1.0793003,1.1755487,1.4407487,-0.18945622,1.046174,1.4266398,-1.3713455,-0.7753361,-0.66545206,-0.2592183,-0.3511036,-1.5836707,-0.85961145,-0.2585663,1.0000589,-0.018145919,-0.9359167,0.32488558,-0.6929582,1.0627023,-0.5534551,0.20492184,-0.3247112,-0.16336215,0.022154897,0.58873284,1.6823486,0.9891215,0.7883134,0.4216072,-0.31208697,0.9991553,0.91941917,1.8352977,0.15918377,2.5658092,-0.4571348,0.8145493,0.42360133,1.0716659,-0.4431852,0.47702372,-0.439262,-0.67102623,2.273261,0.4946173,1.9378556,-0.19023219,-0.353414,1.3595291,1.066128,0.4741274,-1.224031,0.1440357,-0.035651743,-0.24408722,-0.37712932,0.17664626,1.4956205,-0.09225255,0.35140818,-0.58011824,-0.1319176,0.15836161,-0.11959529,0.29295963,1.0842698,-0.16820258,-0.1801812,2.705273,0.80622244,-0.64980483,0.762127,-0.99992865,0.9363662,0.99527967,1.4293907,-0.025600357,1.1524963,1.292289,1.1166705,1.5649014,2.19769,-0.41579592,-0.3352018,-0.27108288,-1.1811309,-2.0674703,-0.3864438,0.6256,-0.3569619,-0.356548,2.558404,-0.9647096,2.705273,-0.661631,0.54270583,0.38552812,0.37080774,-0.4915462,1.8386873,0.6328983,-0.13578308,-0.47818333,0.023173809,2.2201774,1.968606,-1.0671635,-0.7017863,0.91536224,0.7347833,0.84750974,0.7800145,-0.30945554,0.054056227,-0.889767,-1.0944848,-0.4149391,-1.3009106,1.3494401,1.0583073,-1.0584328,1.1769581,0.26708424,2.0875635,-0.9421861,-1.7118075,-0.5214244,-0.54842055,-0.6670126,1.0891472,1.9424856,2.0007405,-0.6903356,-0.536648,-0.09396158,0.78079385,-0.18467668,-1.0165833,0.062444612,-1.2980758,-1.759182,-0.36840436,-1.4635293,-1.0029278,0.044062123,0.70267546,0.31141528,0.8975906,0.5810485,0.25925404,-0.8109865,2.238432,0.44019666,-0.6685666,-0.5804194,0.0203093,-0.7704439,-0.27817643,0.6747426,0.39462492,-0.69819987,1.1010699,2.705273,0.5951289,-0.68837893,0.6276893,0.13205472,-1.2248614,-0.3094616,2.0234745,-0.5638872,-0.3763715,1.9541478,0.03170517,0.21999422,0.6362518,-0.38823673,0.12330806,-0.6764785,0.5883267,1.0577577,0.55656004,1.0561494,1.1642998,1.535599,-0.51669127,0.95066196,0.061129034,2.6997118,0.8121072
2018-07-16,2.2015247,3.3060746,1.8229442,0.472404,0.98072433,0.32677245,-0.36527333,-1.6583041,-0.0010008812,-0.23037201,3.109877,1.3367642,0.94443226,-0.41337878,-1.0531095,2.3836913,0.6107396,0.37439573,3.0690575,-0.94947386,0.23509213,-0.30052745,0.29947937,1.1849186,-0.28858578,-0.1724968,0.48202494,-0.31819716,2.1895275,0.5526248,0.033760965,0.56092304,1.3730109,-0.121409476,0.035461962,0.11125511,2.2656577,-0.70949054,3.3060746,0.76778954,1.0643148,0.11609638,0.047370173,0.95538676,-0.22270168,0.09994513,-0.9847549,1.2585416,-1.9087985,-1.007856,0.5687356,0.45704925,-0.25088164,-1.2411898,1.6452941,-1.6433616,-0.28077653,1.9587325,0.4024499,2.1226854,-0.13707536,-1.2131985,-2.0519798,0.8165159,0.5064866,1.655518,0.110714376,0.060623527,-1.1216133,-1.0016333,0.25448197,1.1197206,-0.48753643,-0.4054441,1.0537386,2.315557,-0.09549552,0.537464,0.44546178,2.2781024,2.2859676,-0.39365625,2.4146566,-0.46891403,2.3365562,-0.034888446,1.0927768,0.3989079,2.8177125,-1.0010821,1.2172333,0.3613981,-0.58747077,-0.27788603,1.7200623,-0.34095347,-0.5788194,-0.5802743,-0.25098574,0.7626204,-0.9460122,1.4611957,-0.46297258,0.8024018,1.1254585,2.2693496,1.6502566,2.789098,2.671783,-0.11553335,2.8079362,-0.02157247,-0.528538,-0.035957515,0.89740455,-0.53720075,0.922317,0.48155576,0.060793728,-0.9257653,0.22978137,0.26980156,0.25936884,0.95211977,-0.59016716,0.94587374,1.9876456,-1.2151662,2.5837035,0.49371365,1.0378237,-0.5082372,-1.366665,0.004254043,0.543015,2.261539,-0.16966876,-1.431534,0.7062462,-1.5753013,0.56282026,-0.9440606,0.9503553,-1.498871,0.17553854,1.1699657,0.7429569,3.2278156,-0.5716338,0.55119723,1.0686578,0.8010703,0.33929202,0.8388603,-0.0051840544,2.2353191,1.5415092,0.2928902,1.0684958,0.4054672,1.0238026,-0.2917511,0.00959307,0.007106304,-0.26692808,-1.0240619,1.1525184,0.93791974,-0.2941808,0.75976545,-0.46892625,0.065253384,-0.6449806,0.16414154,0.99421084,1.2923682,1.0779611,0.5857498,2.869957,-0.14967404,-0.0081243515,1.7146515,1.1037662,1.825526,0.37217242,1.8338618,-0.22633079,1.4739845,1.4344057,0.31695747,1.533734,0.34045985,-0.62046844,-0.39017665,1.2617067,-0.47480708,-1.2813623,-2.0819318,0.04849994,2.1019897,-1.5161326,3.2638402,-0.9428867,2.6971035,1.2481872,2.3104057,0.72549176,-0.829878,0.25541902,1.2364857,1.5536406,-0.3992895,-0.21918428,0.71968114,0.8321556,-0.18242823,-0.25151277,-0.5214454,0.93639517,-0.6804554,2.553573,2.9122992,0.52405643,0.28383386,-2.060552,1.1410693,0.02397883,-0.11350447,1.3806047,0.9566715,1.4811494,0.4469709,1.9726089,1.1094096,0.28285295,-0.44239843,0.72299826,0.110471725,0.50910854,1.881995,1.9378828,0.8767847,0.6042385,-0.17229867,-0.33085555,-0.117810845,-1.0052394,-0.45999783,-0.6330848,0.5031718,1.1073061,0.21882534,-1.5727209,1.1783597,0.9473905,0.022259355,1.1720569,0.33816594,-0.80752414,1.5693473,-0.5076513,3.3060746,-0.3853575,0.83845115,0.9442668,-0.238035,-1.3815053,-0.28228462,1.3486677,-0.19142383,1.4196296,0.934541,2.0153031,2.0260856,0.039350152,0.6012205,1.4855555,0.020783186,-0.4854213,2.9604359,-0.29936695,-2.2157505,2.9128933,-0.8956477,0.37492007,0.94729984,0.35716563,0.7979263,0.03762102,1.6853418,-0.39805633,1.6976426,-0.68467706,3.0706317,1.3491257,1.1815786,-0.2373792,-1.2042177,0.53412825,-1.0402441
2018-10-16,0.67274153,-1.1059823,1.2481914,0.8391551,1.6862968,0.9425063,-0.31373966,1.3773172,2.0669203,1.0276963,0.7622644,-0.10224235,1.8483912,-1.5802374,0.23956117,0.90622026,0.98993325,1.6705178,-0.4097305,0.5757429,1.152779,0.12348354,0.84013784,0.9208498,0.5815066,0.16345549,0.94855046,0.3367914,0.9497477,2.0168943,1.7612959,1.3235667,0.84215295,1.2461125,-0.2691858,1.829846,0.65881616,0.6959257,-1.5802374,2.6675649,2.7562997,-0.4643352,0.9805169,-1.3723326,2.5582023,0.76150036,2.4112954,1.8461227,0.4538182,1.7213434,0.01866138,1.4104729,0.23049262,0.4273411,1.3032916,0.8322467,-0.030134082,-0.37365097,-0.26751608,1.4363456,2.3495471,2.034508,0.57957643,0.34085864,-1.2011436,0.8022657,-1.5802374,0.8776972,-0.32749152,3.0813997,1.3807678,0.23082298,0.9749571,1.0926313,-0.03227818,0.0087291,1.3092782,0.791473,1.507986,0.9370019,0.97286415,0.5620328,0.84185886,2.3890438,-1.5802374,0.8965211,-0.10400659,0.110383034,-0.062755406,1.2134547,0.79377204,-0.085669875,0.65582323,-0.24845684,2.3830497,2.777781,0.8923871,0.69511956,0.98940927,0.7428011,0.8318949,0.67285615,1.4504547,2.2414126,1.3643996,1.2681482,-0.19980633,2.1042924,1.9533092,2.832712,0.79999226,0.21276098,-0.7524196,1.3258674,3.3993194,1.8719671,2.3770893,0.7169356,2.0201716,0.525567,1.8194563,1.1017908,2.6868763,-0.177881,2.4062335,0.9499124,1.48618,1.1178172,0.34933805,0.49670848,2.2682977,1.9732968,-0.0939163,1.0507436,2.0636742,-0.30086756,2.2361934,0.09517217,0.84984815,1.9080757,0.7146326,0.7536917,1.1301926,0.088730454,1.8048545,-0.29475147,-0.04781854,0.16174886,1.2061894,0.8259272,0.9642954,1.7561569,0.08357012,0.08764756,-0.7294971,0.17410511,2.73739,-1.4853778,1.2567265,0.9246484,2.396634,0.45805284,1.296651,2.4160094,1.1511772,-1.443076,1.2969801,1.999632,-0.48245704,2.2637181,0.8718542,-0.46046948,0.62075615,1.6278815,-0.5340018,2.329487,0.96719676,2.5112596,-0.50446916,-0.6320045,1.2112921,-0.7624062,0.55206156,1.5033014,2.4099114,0.9362241,-0.1681894,0.037522912,1.267762,1.1639035,1.0907406,1.9884439,2.272827,3.0802698,1.2276307,0.94722956,0.5060557,0.862998,0.8403232,0.37830752,-0.10731429,-0.57804227,-1.388611,1.3859912,1.0488551,0.88024426,1.1061074,0.5572697,2.1670103,0.63200456,0.88000476,1.510723,1.2739851,0.7291703,-0.66171104,0.5021979,2.3283474,3.0689328,-0.7170197,-0.9771182,-0.056672636,-0.5683512,0.99877596,2.0836961,0.18899345,0.7539146,0.68754226,1.8553708,-0.81847095,1.8262825,2.5907166,0.59188473,2.1212914,-0.70746076,0.8710917,3.3993194,1.7756507,1.6520301,-0.40175414,0.9880543,2.4280057,3.3993194,-0.37737197,1.2785739,-0.2964714,1.2431865,-0.5242394,0.68572927,0.75445485,-0.4786349,3.2105608,1.3099899,1.6773032,-1.0587437,-1.1803335,1.2004246,0.79295695,-1.5802374,0.94121426,1.1323719,3.0257528,1.7770917,1.139726,1.0587333,1.4548292,1.4095447,1.8648583,2.260684,0.75347483,1.8663156,1.2041891,2.5431576,-0.5089618,2.2930439,0.9355666,2.347652,0.88142395,-0.41768974,2.8886526,0.877274,2.1165056,1.5238721,0.7120482,-0.49153203,-0.24277627,1.7362001,2.4393044,1.9724067,3.0581744,0.14045742,-0.6442464,-0.11424762,-0.2124524,1.8315954,0.43685114,-1.0300297,2.1337678,2.230336,-0.94187343,2.0782373
