header length,11
Area,Wales
Data Source,Land observations
Software Version,0.0.0TEST
Spatial Representation,Country
Temporal Average Type,Monthly
Time Period,May
Variable,Minimum air temperature at 1.5m (°C)
Year Maximum,1928
Year Minimum,1928
Date,Minimum air temperature at 1.5m (°C)
1928-05-16,5.858504430515423
